[bootstraplovers.com/templates/quick-v1.5/demos/quick-fullscreen/index.html]
[backblue.gif]
[fade.gif]
[index.html]
[bootstraplovers.com/templates/quick-v1.5/demos/quick-fullscreen/img/team-1.jpg]
[bootstraplovers.com/templates/quick-v1.5/demos/quick-fullscreen/img/team-2.jpg]
[bootstraplovers.com/templates/quick-v1.5/demos/quick-fullscreen/img/team-3.jpg]
[bootstraplovers.com/templates/quick-v1.5/demos/quick-fullscreen/img/team-4.jpg]
[bootstraplovers.com/templates/quick-v1.5/demos/quick-fullscreen/img/team-5.jpg]
[bootstraplovers.com/templates/quick-v1.5/demos/quick-fullscreen/img/team-6.jpg]
[bootstraplovers.com/templates/quick-v1.5/demos/quick-fullscreen/img/team-7.jpg]
[bootstraplovers.com/templates/quick-v1.5/demos/quick-fullscreen/img/team-8.jpg]
[bootstraplovers.com/templates/quick-v1.5/demos/quick-fullscreen/img/work-1.png]
[bootstraplovers.com/templates/quick-v1.5/demos/quick-fullscreen/img/work-2.png]
[bootstraplovers.com/templates/quick-v1.5/demos/quick-fullscreen/img/work-3.png]
[bootstraplovers.com/templates/quick-v1.5/demos/quick-fullscreen/work-single.html]
[bootstraplovers.com/templates/quick-v1.5/demos/quick-fullscreen/img/work-8.png]
[bootstraplovers.com/templates/quick-v1.5/demos/quick-fullscreen/img/work-5.png]
[bootstraplovers.com/templates/quick-v1.5/demos/quick-fullscreen/img/work-6.png]
[bootstraplovers.com/templates/quick-v1.5/demos/quick-fullscreen/img/work-7.png]
[bootstraplovers.com/templates/quick-v1.5/demos/quick-fullscreen/img/work-4.png]
[bootstraplovers.com/templates/quick-v1.5/demos/quick-fullscreen/img/work-9.png]
[bootstraplovers.com/templates/quick-v1.5/demos/quick-fullscreen/blog-post.html]
[bootstraplovers.com/templates/quick-v1.5/demos/quick-fullscreen/blog.html]
[bootstraplovers.com/templates/quick-v1.5/demos/quick-fullscreen/typography.html]
[bootstraplovers.com/templates/quick-v1.5/demos/quick-fullscreen/js/jquery.min.js]
[bootstraplovers.com/templates/quick-v1.5/demos/quick-fullscreen/bootstrap/js/bootstrap.min.js]
[bootstraplovers.com/templates/quick-v1.5/demos/quick-fullscreen/js/jquery.easing.1.3.min.js]
[bootstraplovers.com/templates/quick-v1.5/demos/quick-fullscreen/js/jquery.sticky.js]
[bootstraplovers.com/templates/quick-v1.5/demos/quick-fullscreen/js/wow.min.js]
[bootstraplovers.com/templates/quick-v1.5/demos/quick-fullscreen/js/waypoints.min.js]
[bootstraplovers.com/templates/quick-v1.5/demos/quick-fullscreen/js/jquery.counterup.min.js]
[bootstraplovers.com/templates/quick-v1.5/demos/quick-fullscreen/js/easypiechart.js]
[bootstraplovers.com/templates/quick-v1.5/demos/quick-fullscreen/js/jquery.flexslider-min.js]
[bootstraplovers.com/templates/quick-v1.5/demos/quick-fullscreen/js/jquery.mixitup.min.js]
[bootstraplovers.com/templates/quick-v1.5/demos/quick-fullscreen/js/jquery.stellar.min.js]
[bootstraplovers.com/templates/quick-v1.5/demos/quick-fullscreen/js/owl.carousel.min.js]
[bootstraplovers.com/templates/quick-v1.5/demos/quick-fullscreen/js/tweetie.min.js]
[bootstraplovers.com/templates/quick-v1.5/demos/quick-fullscreen/js/jquery.magnific-popup.min.js]
[bootstraplovers.com/templates/quick-v1.5/demos/quick-fullscreen/js/jquery.backstretch.min.js]
[bootstraplovers.com/templates/quick-v1.5/demos/quick-fullscreen/js/contact_me.js]
[bootstraplovers.com/templates/quick-v1.5/demos/quick-fullscreen/js/jqBootstrapValidation.js]
[bootstraplovers.com/templates/quick-v1.5/demos/quick-fullscreen/js/custom.js]
[bootstraplovers.com/templates/quick-v1.5/demos/quick-fullscreen/index.html]
[bootstraplovers.com/templates/quick-v1.5/demos/quick-fullscreen/bootstrap/fonts/glyphicons-halflings-regular.eot]
[bootstraplovers.com/templates/quick-v1.5/demos/quick-fullscreen/bootstrap/fonts/glyphicons-halflings-regulard41d.eot]
[bootstraplovers.com/templates/quick-v1.5/demos/quick-fullscreen/bootstrap/fonts/glyphicons-halflings-regular.woff2]
[bootstraplovers.com/templates/quick-v1.5/demos/quick-fullscreen/bootstrap/fonts/glyphicons-halflings-regular.woff]
[bootstraplovers.com/templates/quick-v1.5/demos/quick-fullscreen/bootstrap/fonts/glyphicons-halflings-regular.ttf]
[bootstraplovers.com/templates/quick-v1.5/demos/quick-fullscreen/bootstrap/css/bootstrap.min.css]
[bootstraplovers.com/templates/quick-v1.5/demos/quick-fullscreen/img/showcase-1.jpg]
[bootstraplovers.com/templates/quick-v1.5/demos/quick-fullscreen/img/pattern.png]
[bootstraplovers.com/templates/quick-v1.5/demos/quick-fullscreen/img/showcase-3.jpg]
[bootstraplovers.com/templates/quick-v1.5/demos/quick-fullscreen/img/showcase-2.jpg]
[bootstraplovers.com/templates/quick-v1.5/demos/quick-fullscreen/img/plus.png]
[bootstraplovers.com/templates/quick-v1.5/demos/quick-fullscreen/img/showcase-5.jpg]
[bootstraplovers.com/templates/quick-v1.5/demos/quick-fullscreen/css/style.css]
[bootstraplovers.com/templates/quick-v1.5/demos/quick-fullscreen/font-awesome/fonts/fontawesome-webfont3e6e.eot]
[bootstraplovers.com/templates/quick-v1.5/demos/quick-fullscreen/font-awesome/fonts/fontawesome-webfontd41d.eot]
[bootstraplovers.com/templates/quick-v1.5/demos/quick-fullscreen/font-awesome/fonts/fontawesome-webfont3e6e.woff2]
[bootstraplovers.com/templates/quick-v1.5/demos/quick-fullscreen/font-awesome/fonts/fontawesome-webfont3e6e.woff]
[bootstraplovers.com/templates/quick-v1.5/demos/quick-fullscreen/font-awesome/fonts/fontawesome-webfont3e6e.ttf]
[bootstraplovers.com/templates/quick-v1.5/demos/quick-fullscreen/font-awesome/css/font-awesome.min.css]
[bootstraplovers.com/templates/quick-v1.5/demos/quick-fullscreen/fonts/flexslider-icon.42.delayed]
[bootstraplovers.com/templates/quick-v1.5/demos/quick-fullscreen/fonts/flexslider-icond41d.eot]
[bootstraplovers.com/templates/quick-v1.5/demos/quick-fullscreen/fonts/flexslider-icon.woff]
[bootstraplovers.com/templates/quick-v1.5/demos/quick-fullscreen/fonts/flexslider-icon.ttf]
[bootstraplovers.com/templates/quick-v1.5/demos/quick-fullscreen/fonts/flexslider-icon.svg]
[bootstraplovers.com/templates/quick-v1.5/demos/quick-fullscreen/css/flexslider.css]
[bootstraplovers.com/templates/quick-v1.5/demos/quick-fullscreen/css/animate.css]
[bootstraplovers.com/templates/quick-v1.5/demos/quick-fullscreen/css/grabbing.png]
[bootstraplovers.com/templates/quick-v1.5/demos/quick-fullscreen/css/owl.carousel.css]
[bootstraplovers.com/templates/quick-v1.5/demos/quick-fullscreen/css/AjaxLoader.gif]
[bootstraplovers.com/templates/quick-v1.5/demos/quick-fullscreen/css/owl.theme.css]
[bootstraplovers.com/templates/quick-v1.5/demos/quick-fullscreen/css/magnific-popup.css]
[bootstraplovers.com/templates/quick-v1.5/demos/quick-fullscreen/work-single.html]
[bootstraplovers.com/templates/quick-v1.5/demos/quick-fullscreen/img/blog-1.jpg]
[bootstraplovers.com/templates/quick-v1.5/demos/quick-fullscreen/blog-post.html]
[bootstraplovers.com/templates/quick-v1.5/demos/quick-fullscreen/img/blog-2.jpg]
[bootstraplovers.com/templates/quick-v1.5/demos/quick-fullscreen/blog.html]
[bootstraplovers.com/templates/quick-v1.5/demos/quick-fullscreen/typography.html]
[bootstraplovers.com/templates/quick-v1.5/demos/quick-fullscreen/bootstrap/fonts/glyphicons-halflings-regular.svg]
[bootstraplovers.com/templates/quick-v1.5/demos/quick-fullscreen/font-awesome/fonts/fontawesome-webfont3e6e.svg]
[bootstraplovers.com/templates/quick-v1.5/demos/quick-fullscreen/fonts/flexslider-icon.html]
[bootstraplovers.com/templates/quick-v1.5/demos/quick-fullscreen/fonts/flexslider-icond41d.html]
[bootstraplovers.com/templates/quick-v1.5/demos/quick-fullscreen/fonts/flexslider-icon-2.html]
[bootstraplovers.com/templates/quick-v1.5/demos/quick-fullscreen/fonts/flexslider-icon-3.html]
[bootstraplovers.com/templates/quick-v1.5/demos/quick-fullscreen/fonts/flexslider-icon-4.html]
[bootstraplovers.com/templates/quick-v1.5/demos/quick-fullscreen/css/grabbing.html]
[bootstraplovers.com/templates/quick-v1.5/demos/quick-fullscreen/css/AjaxLoader.html]
